---
source: tests/tokenizer.rs
expression: tokens
---
[
  Token(
    span: SourceSpan(
      start: SourceLocation(
        line: 1,
        col: 1,
      ),
      end: SourceLocation(
        line: 1,
        col: 2,
      ),
    ),
    kind: KeywordFn,
  ),
  Token(
    span: SourceSpan(
      start: SourceLocation(
        line: 1,
        col: 4,
      ),
      end: SourceLocation(
        line: 1,
        col: 5,
      ),
    ),
    kind: KeywordIf,
  ),
  Token(
    span: SourceSpan(
      start: SourceLocation(
        line: 1,
        col: 7,
      ),
      end: SourceLocation(
        line: 1,
        col: 10,
      ),
    ),
    kind: KeywordElse,
  ),
  Token(
    span: SourceSpan(
      start: SourceLocation(
        line: 1,
        col: 12,
      ),
      end: SourceLocation(
        line: 1,
        col: 12,
      ),
    ),
    kind: Plus,
  ),
  Token(
    span: SourceSpan(
      start: SourceLocation(
        line: 1,
        col: 14,
      ),
      end: SourceLocation(
        line: 1,
        col: 14,
      ),
    ),
    kind: Minus,
  ),
  Token(
    span: SourceSpan(
      start: SourceLocation(
        line: 1,
        col: 16,
      ),
      end: SourceLocation(
        line: 1,
        col: 16,
      ),
    ),
    kind: Star,
  ),
  Token(
    span: SourceSpan(
      start: SourceLocation(
        line: 1,
        col: 18,
      ),
      end: SourceLocation(
        line: 1,
        col: 18,
      ),
    ),
    kind: Semicolon,
  ),
  Token(
    span: SourceSpan(
      start: SourceLocation(
        line: 1,
        col: 20,
      ),
      end: SourceLocation(
        line: 1,
        col: 20,
      ),
    ),
    kind: Colon,
  ),
  Token(
    span: SourceSpan(
      start: SourceLocation(
        line: 1,
        col: 22,
      ),
      end: SourceLocation(
        line: 1,
        col: 22,
      ),
    ),
    kind: BraceOpen,
  ),
  Token(
    span: SourceSpan(
      start: SourceLocation(
        line: 1,
        col: 24,
      ),
      end: SourceLocation(
        line: 1,
        col: 24,
      ),
    ),
    kind: BraceClose,
  ),
  Token(
    span: SourceSpan(
      start: SourceLocation(
        line: 1,
        col: 26,
      ),
      end: SourceLocation(
        line: 1,
        col: 26,
      ),
    ),
    kind: ParenOpen,
  ),
  Token(
    span: SourceSpan(
      start: SourceLocation(
        line: 1,
        col: 28,
      ),
      end: SourceLocation(
        line: 1,
        col: 28,
      ),
    ),
    kind: ParenClose,
  ),
  Token(
    span: SourceSpan(
      start: SourceLocation(
        line: 1,
        col: 30,
      ),
      end: SourceLocation(
        line: 1,
        col: 33,
      ),
    ),
    kind: KeywordVoid,
  ),
  Token(
    span: SourceSpan(
      start: SourceLocation(
        line: 1,
        col: 35,
      ),
      end: SourceLocation(
        line: 1,
        col: 37,
      ),
    ),
    kind: KeywordLet,
  ),
  Token(
    span: SourceSpan(
      start: SourceLocation(
        line: 1,
        col: 39,
      ),
      end: SourceLocation(
        line: 1,
        col: 45,
      ),
    ),
    kind: Identifier(Symbol(0)),
  ),
  Token(
    span: SourceSpan(
      start: SourceLocation(
        line: 1,
        col: 47,
      ),
      end: SourceLocation(
        line: 1,
        col: 50,
      ),
    ),
    kind: IntLiteral(4687),
  ),
  Token(
    span: SourceSpan(
      start: SourceLocation(
        line: 1,
        col: 52,
      ),
      end: SourceLocation(
        line: 1,
        col: 59,
      ),
    ),
    kind: KeywordContinue,
  ),
  Token(
    span: SourceSpan(
      start: SourceLocation(
        line: 1,
        col: 61,
      ),
      end: SourceLocation(
        line: 1,
        col: 66,
      ),
    ),
    kind: KeywordReturn,
  ),
  Token(
    span: SourceSpan(
      start: SourceLocation(
        line: 1,
        col: 67,
      ),
      end: SourceLocation(
        line: 1,
        col: 68,
      ),
    ),
    kind: Arrow,
  ),
  Token(
    span: SourceSpan(
      start: SourceLocation(
        line: 1,
        col: 69,
      ),
      end: SourceLocation(
        line: 1,
        col: 69,
      ),
    ),
    kind: Comma,
  ),
  Token(
    span: SourceSpan(
      start: SourceLocation(
        line: 1,
        col: 70,
      ),
      end: SourceLocation(
        line: 1,
        col: 70,
      ),
    ),
    kind: Equals,
  ),
  Token(
    span: SourceSpan(
      start: SourceLocation(
        line: 2,
        col: 1,
      ),
      end: SourceLocation(
        line: 2,
        col: 3,
      ),
    ),
    kind: KeywordInt,
  ),
  Token(
    span: SourceSpan(
      start: SourceLocation(
        line: 2,
        col: 5,
      ),
      end: SourceLocation(
        line: 2,
        col: 6,
      ),
    ),
    kind: LogicalAnd,
  ),
  Token(
    span: SourceSpan(
      start: SourceLocation(
        line: 2,
        col: 7,
      ),
      end: SourceLocation(
        line: 2,
        col: 7,
      ),
    ),
    kind: BitwiseAnd,
  ),
  Token(
    span: SourceSpan(
      start: SourceLocation(
        line: 2,
        col: 9,
      ),
      end: SourceLocation(
        line: 2,
        col: 10,
      ),
    ),
    kind: CmpEq,
  ),
  Token(
    span: SourceSpan(
      start: SourceLocation(
        line: 2,
        col: 12,
      ),
      end: SourceLocation(
        line: 2,
        col: 12,
      ),
    ),
    kind: Xor,
  ),
  Token(
    span: SourceSpan(
      start: SourceLocation(
        line: 2,
        col: 14,
      ),
      end: SourceLocation(
        line: 2,
        col: 14,
      ),
    ),
    kind: BitwiseAnd,
  ),
  Token(
    span: SourceSpan(
      start: SourceLocation(
        line: 2,
        col: 16,
      ),
      end: SourceLocation(
        line: 2,
        col: 16,
      ),
    ),
    kind: BitwiseOr,
  ),
  Token(
    span: SourceSpan(
      start: SourceLocation(
        line: 2,
        col: 18,
      ),
      end: SourceLocation(
        line: 2,
        col: 19,
      ),
    ),
    kind: LogicalOr,
  ),
  Token(
    span: SourceSpan(
      start: SourceLocation(
        line: 2,
        col: 21,
      ),
      end: SourceLocation(
        line: 2,
        col: 21,
      ),
    ),
    kind: Not,
  ),
  Token(
    span: SourceSpan(
      start: SourceLocation(
        line: 2,
        col: 22,
      ),
      end: SourceLocation(
        line: 2,
        col: 22,
      ),
    ),
    kind: Not,
  ),
  Token(
    span: SourceSpan(
      start: SourceLocation(
        line: 2,
        col: 24,
      ),
      end: SourceLocation(
        line: 2,
        col: 24,
      ),
    ),
    kind: Div,
  ),
  Token(
    span: SourceSpan(
      start: SourceLocation(
        line: 2,
        col: 26,
      ),
      end: SourceLocation(
        line: 2,
        col: 27,
      ),
    ),
    kind: CmpNe,
  ),
  Token(
    span: SourceSpan(
      start: SourceLocation(
        line: 2,
        col: 29,
      ),
      end: SourceLocation(
        line: 2,
        col: 30,
      ),
    ),
    kind: CmpGe,
  ),
  Token(
    span: SourceSpan(
      start: SourceLocation(
        line: 2,
        col: 32,
      ),
      end: SourceLocation(
        line: 2,
        col: 33,
      ),
    ),
    kind: CmpLe,
  ),
  Token(
    span: SourceSpan(
      start: SourceLocation(
        line: 2,
        col: 35,
      ),
      end: SourceLocation(
        line: 2,
        col: 35,
      ),
    ),
    kind: CmpLt,
  ),
  Token(
    span: SourceSpan(
      start: SourceLocation(
        line: 2,
        col: 37,
      ),
      end: SourceLocation(
        line: 2,
        col: 37,
      ),
    ),
    kind: CmpGt,
  ),
  Token(
    span: SourceSpan(
      start: SourceLocation(
        line: 2,
        col: 39,
      ),
      end: SourceLocation(
        line: 2,
        col: 42,
      ),
    ),
    kind: BoolLiteral(true),
  ),
  Token(
    span: SourceSpan(
      start: SourceLocation(
        line: 2,
        col: 44,
      ),
      end: SourceLocation(
        line: 2,
        col: 48,
      ),
    ),
    kind: BoolLiteral(false),
  ),
  Token(
    span: SourceSpan(
      start: SourceLocation(
        line: 2,
        col: 50,
      ),
      end: SourceLocation(
        line: 2,
        col: 53,
      ),
    ),
    kind: KeywordLoop,
  ),
  Token(
    span: SourceSpan(
      start: SourceLocation(
        line: 2,
        col: 55,
      ),
      end: SourceLocation(
        line: 2,
        col: 59,
      ),
    ),
    kind: KeywordBreak,
  ),
  Token(
    span: SourceSpan(
      start: SourceLocation(
        line: 2,
        col: 61,
      ),
      end: SourceLocation(
        line: 2,
        col: 64,
      ),
    ),
    kind: KeywordBool,
  ),
  Token(
    span: SourceSpan(
      start: SourceLocation(
        line: 2,
        col: 66,
      ),
      end: SourceLocation(
        line: 2,
        col: 68,
      ),
    ),
    kind: KeywordInt,
  ),
  Token(
    span: SourceSpan(
      start: SourceLocation(
        line: 2,
        col: 70,
      ),
      end: SourceLocation(
        line: 2,
        col: 73,
      ),
    ),
    kind: KeywordVoid,
  ),
]
