---
source: src/tokenizer.rs
expression: tokens
---
[
  Token(
    span: SourceSpan(
      start: SourceLocation(
        line: 1,
        col: 1,
      ),
      end: SourceLocation(
        line: 1,
        col: 2,
      ),
    ),
    kind: KeywordFn,
  ),
  Token(
    span: SourceSpan(
      start: SourceLocation(
        line: 1,
        col: 4,
      ),
      end: SourceLocation(
        line: 1,
        col: 5,
      ),
    ),
    kind: KeywordIf,
  ),
  Token(
    span: SourceSpan(
      start: SourceLocation(
        line: 1,
        col: 7,
      ),
      end: SourceLocation(
        line: 1,
        col: 10,
      ),
    ),
    kind: KeywordElse,
  ),
  Token(
    span: SourceSpan(
      start: SourceLocation(
        line: 1,
        col: 12,
      ),
      end: SourceLocation(
        line: 1,
        col: 12,
      ),
    ),
    kind: Plus,
  ),
  Token(
    span: SourceSpan(
      start: SourceLocation(
        line: 1,
        col: 14,
      ),
      end: SourceLocation(
        line: 1,
        col: 14,
      ),
    ),
    kind: Minus,
  ),
  Token(
    span: SourceSpan(
      start: SourceLocation(
        line: 1,
        col: 16,
      ),
      end: SourceLocation(
        line: 1,
        col: 16,
      ),
    ),
    kind: Star,
  ),
  Token(
    span: SourceSpan(
      start: SourceLocation(
        line: 1,
        col: 18,
      ),
      end: SourceLocation(
        line: 1,
        col: 18,
      ),
    ),
    kind: Semicolon,
  ),
  Token(
    span: SourceSpan(
      start: SourceLocation(
        line: 1,
        col: 20,
      ),
      end: SourceLocation(
        line: 1,
        col: 20,
      ),
    ),
    kind: Colon,
  ),
  Token(
    span: SourceSpan(
      start: SourceLocation(
        line: 1,
        col: 22,
      ),
      end: SourceLocation(
        line: 1,
        col: 22,
      ),
    ),
    kind: BraceOpen,
  ),
  Token(
    span: SourceSpan(
      start: SourceLocation(
        line: 1,
        col: 24,
      ),
      end: SourceLocation(
        line: 1,
        col: 24,
      ),
    ),
    kind: BraceClose,
  ),
  Token(
    span: SourceSpan(
      start: SourceLocation(
        line: 1,
        col: 26,
      ),
      end: SourceLocation(
        line: 1,
        col: 26,
      ),
    ),
    kind: ParenOpen,
  ),
  Token(
    span: SourceSpan(
      start: SourceLocation(
        line: 1,
        col: 28,
      ),
      end: SourceLocation(
        line: 1,
        col: 28,
      ),
    ),
    kind: ParenClose,
  ),
  Token(
    span: SourceSpan(
      start: SourceLocation(
        line: 1,
        col: 30,
      ),
      end: SourceLocation(
        line: 1,
        col: 33,
      ),
    ),
    kind: KeywordVoid,
  ),
  Token(
    span: SourceSpan(
      start: SourceLocation(
        line: 1,
        col: 35,
      ),
      end: SourceLocation(
        line: 1,
        col: 37,
      ),
    ),
    kind: KeywordLet,
  ),
  Token(
    span: SourceSpan(
      start: SourceLocation(
        line: 1,
        col: 39,
      ),
      end: SourceLocation(
        line: 1,
        col: 45,
      ),
    ),
    kind: Identifier(Symbol(0)),
  ),
  Token(
    span: SourceSpan(
      start: SourceLocation(
        line: 1,
        col: 47,
      ),
      end: SourceLocation(
        line: 1,
        col: 50,
      ),
    ),
    kind: IntLiteral(4687),
  ),
  Token(
    span: SourceSpan(
      start: SourceLocation(
        line: 1,
        col: 52,
      ),
      end: SourceLocation(
        line: 1,
        col: 59,
      ),
    ),
    kind: KeywordContinue,
  ),
  Token(
    span: SourceSpan(
      start: SourceLocation(
        line: 1,
        col: 61,
      ),
      end: SourceLocation(
        line: 1,
        col: 66,
      ),
    ),
    kind: KeywordReturn,
  ),
  Token(
    span: SourceSpan(
      start: SourceLocation(
        line: 1,
        col: 67,
      ),
      end: SourceLocation(
        line: 1,
        col: 68,
      ),
    ),
    kind: Arrow,
  ),
  Token(
    span: SourceSpan(
      start: SourceLocation(
        line: 1,
        col: 69,
      ),
      end: SourceLocation(
        line: 1,
        col: 69,
      ),
    ),
    kind: Comma,
  ),
  Token(
    span: SourceSpan(
      start: SourceLocation(
        line: 1,
        col: 70,
      ),
      end: SourceLocation(
        line: 1,
        col: 70,
      ),
    ),
    kind: EqualSign,
  ),
  Token(
    span: SourceSpan(
      start: SourceLocation(
        line: 2,
        col: 13,
      ),
      end: SourceLocation(
        line: 2,
        col: 15,
      ),
    ),
    kind: KeywordInt,
  ),
  Token(
    span: SourceSpan(
      start: SourceLocation(
        line: 2,
        col: 17,
      ),
      end: SourceLocation(
        line: 2,
        col: 18,
      ),
    ),
    kind: Equal,
  ),
  Token(
    span: SourceSpan(
      start: SourceLocation(
        line: 2,
        col: 20,
      ),
      end: SourceLocation(
        line: 2,
        col: 20,
      ),
    ),
    kind: Div,
  ),
  Token(
    span: SourceSpan(
      start: SourceLocation(
        line: 2,
        col: 22,
      ),
      end: SourceLocation(
        line: 2,
        col: 23,
      ),
    ),
    kind: NotEqual,
  ),
  Token(
    span: SourceSpan(
      start: SourceLocation(
        line: 2,
        col: 25,
      ),
      end: SourceLocation(
        line: 2,
        col: 26,
      ),
    ),
    kind: GreaterEqual,
  ),
  Token(
    span: SourceSpan(
      start: SourceLocation(
        line: 2,
        col: 28,
      ),
      end: SourceLocation(
        line: 2,
        col: 29,
      ),
    ),
    kind: LessEqual,
  ),
  Token(
    span: SourceSpan(
      start: SourceLocation(
        line: 2,
        col: 31,
      ),
      end: SourceLocation(
        line: 2,
        col: 32,
      ),
    ),
    kind: Less,
  ),
  Token(
    span: SourceSpan(
      start: SourceLocation(
        line: 2,
        col: 34,
      ),
      end: SourceLocation(
        line: 2,
        col: 35,
      ),
    ),
    kind: Greater,
  ),
  Token(
    span: SourceSpan(
      start: SourceLocation(
        line: 2,
        col: 37,
      ),
      end: SourceLocation(
        line: 2,
        col: 40,
      ),
    ),
    kind: BoolLiteral(true),
  ),
  Token(
    span: SourceSpan(
      start: SourceLocation(
        line: 2,
        col: 42,
      ),
      end: SourceLocation(
        line: 2,
        col: 46,
      ),
    ),
    kind: BoolLiteral(false),
  ),
  Token(
    span: SourceSpan(
      start: SourceLocation(
        line: 2,
        col: 48,
      ),
      end: SourceLocation(
        line: 2,
        col: 51,
      ),
    ),
    kind: KeywordLoop,
  ),
  Token(
    span: SourceSpan(
      start: SourceLocation(
        line: 2,
        col: 53,
      ),
      end: SourceLocation(
        line: 2,
        col: 57,
      ),
    ),
    kind: KeywordBreak,
  ),
  Token(
    span: SourceSpan(
      start: SourceLocation(
        line: 2,
        col: 59,
      ),
      end: SourceLocation(
        line: 2,
        col: 62,
      ),
    ),
    kind: KeywordBool,
  ),
  Token(
    span: SourceSpan(
      start: SourceLocation(
        line: 2,
        col: 64,
      ),
      end: SourceLocation(
        line: 2,
        col: 66,
      ),
    ),
    kind: KeywordInt,
  ),
  Token(
    span: SourceSpan(
      start: SourceLocation(
        line: 2,
        col: 68,
      ),
      end: SourceLocation(
        line: 2,
        col: 71,
      ),
    ),
    kind: KeywordVoid,
  ),
]
